// Jest Snapshot v1, https://goo.gl/fbAQLP

exports[`MapWrapperComponent Test render correctly 1`] = `
<div
  style={
    Object {
      "height": "400px",
    }
  }
>
  <div
    style={
      Object {
        "height": "100%",
      }
    }
  />
  <div />
</div>
`;
